[DEF FUN f(INTEGER x)=>STR]
|   
+-->IF
|   |
|   +--->[INT,==]------->[INT,x]
|   |        |
|   |        +---------->[INT,0]
|   |
|   THEN
|   |
|   +--->[RETURN]--->[STR,""]
|   |
|   FI
|   
+-->IF
    |
    +--->[INT,==]------->[CALL STR f]------->[INT,- ]------->[INT,x]
    |        |                                   |
    |        |                                   +---------->[INT,1]
    |        |
    |        +---------->[STR,* ]------->[STR,"a"]
    |                        |
    |                        +---------->[INT,30]
    |
    THEN
    |
    +--->[RETURN]--->[CALL STR f]------->[INT,- ]------->[INT,x]
    |                                        |
    |                                        +---------->[INT,1]
    |
    ELSE
    |
    +--->[RETURN]--->[STR,+ ]------->[STR,"a"]
    |                    |
    |                    +---------->[CALL STR f]------->[INT,- ]------->[INT,x]
    |                                                        |
    |                                                        +---------->[INT,1]
    |
    FI
