[DEF FUN id(INTEGER x)=>INT]
|   
+-->IF
|   |
|   +--->[INT,==]------->[INT,+ ]------->[INT,x]
|   |        |               |
|   |        |               +---------->[INT,30]
|   |        |
|   |        +---------->[INT,0]
|   |
|   THEN
|   |
|   +--->[RETURN]--->[INT,+ ]------->[INT,30]
|   |                    |
|   |                    +---------->[INT,30]
|   |
|   FI
|   
+-->IF
|   |
|   +--->[CALL INT id]------->[INT,- ]------->[INT,x]
|   |                             |
|   |                             +---------->[INT,1]
|   |
|   THEN
|   |
|   +--->[RETURN]--->[CALL INT id]------->[INT,- ]------->[INT,x]
|   |                                         |
|   |                                         +---------->[INT,2]
|   |
|   FI
|   
+-->[RETURN]--->[INT,0]
