[DEF FUN loop(INTEGER x)=>VOID]
|   
+-->IF
|   |
|   +--->[INT,> ]------->[INT,x]
|   |        |
|   |        +---------->[INT,0]
|   |
|   THEN
|   |
|   +--->[CALL VOID loop]------->[INT,- ]------->[INT,x]
|   |                                |
|   |                                +---------->[INT,1]
|   |
|   FI
|   
+-->[RETURN]
