[ERROR FUNCTION NOT DEFINED]------->{function not found}
