[VOID h]------->[INT,+ ]------->[INT f]------->[INT,3]
    |               |
    |               +---------->[INT,==]------->[STR g]
    |                               |
    |                               +---------->[STR g]
    |
    +---------->[STR,* ]------->[STR g]
                    |
                    +---------->[INT f]------->[INT,23]
