[CALL INT f]------->[CALL INT f]------->[CALL INT f]------->{incorrect number of parameters: expected 1,  got 0}
