[CALL VOID h]------->[CALL INT f]------->[INT,+ ]------->[INT,1]
      |                                      |
      |                                      +---------->[INT,2]
      |
      +------------->[CALL STR g]
