[CALL VOID h]------->{incorrect argument 1: expected StringExpr, got IntExpr}
