[VOID h]------->[INT,==]------->[STR,* ]------->[STR,"cucu()"]
    |               |               |
    |               |               +---------->[INT f]------->[INT,30]
    |               |
    |               +---------->[STR g]
    |
    +---------->[STR,"meow:)"]
