[CALL INT f]------->[INT,+ ]------->[INT,+ ]------->[INT,1]
                        |               |
                        |               +---------->[INT,2]
                        |
                        +---------->[INT,==]------->[STR,"a"]
                                        |
                                        +---------->[STR,"b"]
