[CALL VOID h]------->[INT,2]
      |
      +------------->[STR,"hrundelair"]