[RETURN]--->[ERR,cannot return anything when void]
