[CALL INT f]------->[INT,+ ]------->[INT,1]
                        |
                        +---------->[INT,==]------->[CALL STR g]
                                        |
                                        +---------->[STR,"???"]