[RETURN]--->[STR,+ ]------->[STR,"245"]
                |
                +---------->[STR,* ]------->[CALL STR g]
                                |
                                +---------->[INT,8]
