[ERR Expression expected to be IntExpr but was ErrorExpr]
