IF
|
+--->[INT,!=]------->[INT,30]
|        |
|        +---------->[INT,239]
|
THEN
|
+--->[DEF int x]--->[INT,30]
|
FI
