IF
|
+--->[INT,==]------->[INT,30]
|        |
|        +---------->[INT,* ]------->[INT,* ]------->[INT,* ]------->[INT,2]
|                        |               |               |
|                        |               |               +---------->[INT,3]
|                        |               |
|                        |               +---------->[INT,5]
|                        |
|                        +---------->[INT,1]
|
THEN
|
+--->[DEF str myNick]--->[STR,"hrundelair"]
|
ELSE
|
+--->[DEF str myNick]--->[STR,"clown"]
|
FI
