IF
|
+--->[ERR,Empty expression]
|
THEN
|
+--->[ERR Variable should have been initialized before]
|
FI
