[DEF int x]--->[INT,30]
IF
|
+--->[INT,x]
|
THEN
|
+--->[DEF int y]--->[INT,+ ]------->[INT,x]
|                       |
|                       +---------->[INT,1]
|
+--->IF
|    |
|    +--->[INT,> ]------->[INT,y]
|    |        |
|    |        +---------->[INT,30]
|    |
|    THEN
|    |
|    +--->[DEF str z]--->[STR,"OK"]
|    |
|    ELSE
|    |
|    +--->[DEF str z]--->[STR,"BAD"]
|    |
|    FI
|
ELSE
|
+--->[DEF int z]--->[INT,999]
|
+--->IF
|    |
|    +--->[INT,!=]------->[INT,% ]------->[INT,+ ]------->[INT,x]
|    |        |               |               |
|    |        |               |               +---------->[INT,z]
|    |        |               |
|    |        |               +---------->[INT,3]
|    |        |
|    |        +---------->[INT,0]
|    |
|    THEN
|    |
|    +--->[DEF str y]--->[STR,"BAD"]
|    |
|    ELSE
|    |
|    +--->[DEF str y]--->[STR,"OK"]
|    |
|    FI
|
FI
[DEF int z]--->[INT,1]
[DEF int y]--->[INT,z]
